{
  "problem": "p1",
  "method": "oe_aprfm",
  "epsilon": 1e-06,
  "seed": 23,
  "relative_l2_f": 3.6740181283931616e-08,
  "relative_l2_rho": 3.3795989089406664e-08,
  "residual_half": 1.3059963112348552e-08,
  "empirical_stability_ratio": 3.822371749299831,
  "condition_number": 173892745563.92642,
  "largest_singular_value": 8.997634305215978,
  "smallest_effective_singular_value": 5.174243627034039e-11,
  "singular_value_threshold": 8.997634305215979e-12,
  "rank": 128,
  "coefficient_norm": 145.89911044886225,
  "num_rows": 532,
  "num_columns": 128,
  "oversampling_ratio": 4.15625,
  "feature_seconds": 5.186877261847258,
  "assembly_seconds": 10.541702881455421,
  "solve_seconds": 0.011264313012361526,
  "evaluation_seconds": 2.847899805754423,
  "total_seconds": 18.587744262069464,
  "rcond": 1e-12,
  "partitions": [
    1,
    1
  ],
  "strides": {
    "v": 1.0,
    "x": 1.0
  },
  "features_per_patch": 64,
  "scale": 1.0,
  "block_weights": null,
  "collocation": {
    "boundary": 14,
    "interior": [
      14,
      14
    ]
  }
}
