{
  "problem": "p3",
  "method": "oe_aprfm",
  "epsilon": 0.001,
  "seed": 23,
  "relative_l2_f": 0.01718823543017957,
  "relative_l2_rho": 0.017127095768934616,
  "residual_half": 0.0006635819621435067,
  "empirical_stability_ratio": 36.5661565372195,
  "condition_number": 4686726241.94374,
  "largest_singular_value": 15.157781284106314,
  "smallest_effective_singular_value": 3.2341938704360686e-09,
  "singular_value_threshold": 1.5157781284106314e-11,
  "coefficient_norm": 136048.3016875766,
  "rank": 512,
  "num_rows": 1376,
  "num_columns": 512,
  "oversampling_ratio": 2.6875,
  "partitions": [
    1,
    1,
    1
  ],
  "strides": {
    "theta": 1.5707963267948966,
    "x": 2.0,
    "y": 2.0
  },
  "features_per_patch": 256,
  "scale": 1.0,
  "rcond": 1e-12,
  "block_weights": null,
  "collocation": [
    8,
    8,
    8
  ],
  "feature_seconds": 10.090492062270641,
  "assembly_seconds": 21.39519690722227,
  "solve_seconds": 0.12230243161320686,
  "evaluation_seconds": 2.3900488391518593,
  "total_seconds": 33.99804024025798
}
