{
  "problem": "p1",
  "method": "oe_aprfm",
  "epsilon": 1e-06,
  "seed": 23,
  "relative_l2_f": 1.0906238514230154e-11,
  "relative_l2_rho": 1.0816105920486815e-11,
  "residual_half": 1.1981949166730892e-12,
  "empirical_stability_ratio": 12.819407813607844,
  "condition_number": 878548609443.4464,
  "largest_singular_value": 12.831192212608364,
  "smallest_effective_singular_value": 1.4604988357715145e-11,
  "singular_value_threshold": 1.2831192212608364e-11,
  "rank": 225,
  "coefficient_norm": 32.35075630067317,
  "num_rows": 1120,
  "num_columns": 256,
  "oversampling_ratio": 4.375,
  "feature_seconds": 5.677189502865076,
  "assembly_seconds": 10.950186412781477,
  "solve_seconds": 0.034487366676330566,
  "evaluation_seconds": 2.8923604898154736,
  "total_seconds": 19.554223772138357,
  "rcond": 1e-12,
  "partitions": [
    1,
    1
  ],
  "strides": {
    "v": 1.0,
    "x": 1.0
  },
  "features_per_patch": 128,
  "scale": 1.0,
  "block_weights": null,
  "collocation": {
    "boundary": 20,
    "interior": [
      20,
      20
    ]
  }
}
