{
  "problem": "p3",
  "method": "oe_aprfm",
  "epsilon": 1.0,
  "seed": 11,
  "relative_l2_f": 18.609365922284386,
  "relative_l2_rho": 13.10477055728549,
  "residual_half": 0.005573959513006847,
  "empirical_stability_ratio": 4083.375412151148,
  "condition_number": 154366.87888122772,
  "largest_singular_value": 6.0663810067716355,
  "smallest_effective_singular_value": 3.9298462537674315e-05,
  "singular_value_threshold": 6.066381006771635e-12,
  "coefficient_norm": 311.7354726669049,
  "rank": 64,
  "num_rows": 128,
  "num_columns": 64,
  "oversampling_ratio": 2.0,
  "partitions": [
    1,
    1,
    1
  ],
  "strides": {
    "theta": 1.5707963267948966,
    "x": 2.0,
    "y": 2.0
  },
  "features_per_patch": 32,
  "scale": 1.0,
  "rcond": 1e-12,
  "block_weights": null,
  "collocation": [
    4,
    4,
    4
  ],
  "feature_seconds": 10.709288001060486,
  "assembly_seconds": 0.7804001830518246,
  "solve_seconds": 0.002003490924835205,
  "evaluation_seconds": 1.3289123736321926,
  "total_seconds": 12.820604048669338
}
