{
  "problem": "p1",
  "method": "oe_aprfm",
  "epsilon": 1.0,
  "seed": 11,
  "relative_l2_f": 1.4881887550507906e-06,
  "relative_l2_rho": 8.264870995789684e-07,
  "residual_half": 2.2594748740520407e-07,
  "empirical_stability_ratio": 7.534001301798171,
  "condition_number": 1451107990.0267227,
  "largest_singular_value": 8.515524898848852,
  "smallest_effective_singular_value": 5.86829164843344e-09,
  "singular_value_threshold": 8.515524898848852e-12,
  "rank": 128,
  "coefficient_norm": 172.85198637909548,
  "num_rows": 532,
  "num_columns": 128,
  "oversampling_ratio": 4.15625,
  "feature_seconds": 6.595935560762882,
  "assembly_seconds": 10.529241032898426,
  "solve_seconds": 0.07003013789653778,
  "evaluation_seconds": 2.817445568740368,
  "total_seconds": 20.012652300298214,
  "rcond": 1e-12,
  "partitions": [
    1,
    1
  ],
  "strides": {
    "v": 1.0,
    "x": 1.0
  },
  "features_per_patch": 64,
  "scale": 1.0,
  "block_weights": null,
  "collocation": {
    "boundary": 14,
    "interior": [
      14,
      14
    ]
  }
}
