{
  "problem": "p1",
  "method": "oe_aprfm",
  "epsilon": 1e-06,
  "seed": 11,
  "relative_l2_f": 0.00012418574872515205,
  "relative_l2_rho": 0.00010911757115465435,
  "residual_half": 6.987380795058962e-05,
  "empirical_stability_ratio": 2.365894793205257,
  "condition_number": 15344007.53376059,
  "largest_singular_value": 6.28063519853365,
  "smallest_effective_singular_value": 4.093216967415265e-07,
  "singular_value_threshold": 6.28063519853365e-12,
  "rank": 64,
  "coefficient_norm": 164.75498164285375,
  "num_rows": 260,
  "num_columns": 64,
  "oversampling_ratio": 4.0625,
  "feature_seconds": 5.563362557440996,
  "assembly_seconds": 10.239970192313194,
  "solve_seconds": 0.0027135908603668213,
  "evaluation_seconds": 2.885338321328163,
  "total_seconds": 18.69138466194272,
  "rcond": 1e-12,
  "partitions": [
    1,
    1
  ],
  "strides": {
    "v": 1.0,
    "x": 1.0
  },
  "features_per_patch": 32,
  "scale": 1.0,
  "block_weights": null,
  "collocation": {
    "boundary": 10,
    "interior": [
      10,
      10
    ]
  }
}
