{
  "problem": "p3",
  "method": "oe_aprfm",
  "epsilon": 1.0,
  "seed": 23,
  "relative_l2_f": 0.015010549404478086,
  "relative_l2_rho": 0.001218813220414902,
  "residual_half": 0.0002783646034266536,
  "empirical_stability_ratio": 54.10152721839936,
  "condition_number": 273960110.1452186,
  "largest_singular_value": 17.320007652447085,
  "smallest_effective_singular_value": 6.322091067661724e-08,
  "singular_value_threshold": 1.7320007652447085e-11,
  "coefficient_norm": 3691.565008261485,
  "rank": 512,
  "num_rows": 1376,
  "num_columns": 512,
  "oversampling_ratio": 2.6875,
  "partitions": [
    1,
    1,
    1
  ],
  "strides": {
    "theta": 1.5707963267948966,
    "x": 2.0,
    "y": 2.0
  },
  "features_per_patch": 256,
  "scale": 1.0,
  "rcond": 1e-12,
  "block_weights": null,
  "collocation": [
    8,
    8,
    8
  ],
  "feature_seconds": 10.483362302184105,
  "assembly_seconds": 19.807525292038918,
  "solve_seconds": 0.10452228784561157,
  "evaluation_seconds": 2.534423127770424,
  "total_seconds": 32.92983300983906
}
