{
  "problem": "p3",
  "method": "oe_aprfm",
  "epsilon": 1.0,
  "seed": 11,
  "relative_l2_f": 0.00703111111401707,
  "relative_l2_rho": 0.0006960367465188649,
  "residual_half": 0.00015263219225035616,
  "empirical_stability_ratio": 46.290881983643104,
  "condition_number": 324235629.0068267,
  "largest_singular_value": 17.379773868345847,
  "smallest_effective_singular_value": 5.360229510119605e-08,
  "singular_value_threshold": 1.7379773868345848e-11,
  "coefficient_norm": 3792.114618055174,
  "rank": 512,
  "num_rows": 1376,
  "num_columns": 512,
  "oversampling_ratio": 2.6875,
  "partitions": [
    1,
    1,
    1
  ],
  "strides": {
    "theta": 1.5707963267948966,
    "x": 2.0,
    "y": 2.0
  },
  "features_per_patch": 256,
  "scale": 1.0,
  "rcond": 1e-12,
  "block_weights": null,
  "collocation": [
    8,
    8,
    8
  ],
  "feature_seconds": 9.656725753098726,
  "assembly_seconds": 17.74721333384514,
  "solve_seconds": 0.07430320605635643,
  "evaluation_seconds": 2.1725534722208977,
  "total_seconds": 29.65079576522112
}
