{
  "problem": "p1",
  "method": "oe_aprfm",
  "epsilon": 1.0,
  "seed": 11,
  "relative_l2_f": 1.1142077982138114e-11,
  "relative_l2_rho": 3.593302632523322e-12,
  "residual_half": 2.814873358931994e-12,
  "empirical_stability_ratio": 4.1590381066215905,
  "condition_number": 959010242891.5946,
  "largest_singular_value": 18.103878680043284,
  "smallest_effective_singular_value": 1.8877669779059622e-11,
  "singular_value_threshold": 1.8103878680043283e-11,
  "rank": 316,
  "coefficient_norm": 9.98375164074127,
  "num_rows": 2240,
  "num_columns": 512,
  "oversampling_ratio": 4.375,
  "feature_seconds": 6.370137274265289,
  "assembly_seconds": 12.839571975171566,
  "solve_seconds": 0.15247244387865067,
  "evaluation_seconds": 2.6843236349523067,
  "total_seconds": 22.046505328267813,
  "rcond": 1e-12,
  "partitions": [
    1,
    1
  ],
  "strides": {
    "v": 1.0,
    "x": 1.0
  },
  "features_per_patch": 256,
  "scale": 1.0,
  "block_weights": null,
  "collocation": {
    "boundary": 28,
    "interior": [
      28,
      28
    ]
  }
}
