{
  "problem": "p3",
  "method": "oe_aprfm",
  "epsilon": 1.0,
  "seed": 23,
  "relative_l2_f": 0.04198442589531597,
  "relative_l2_rho": 0.01624240397556244,
  "residual_half": 0.0008584171596533133,
  "empirical_stability_ratio": 52.4415765118035,
  "condition_number": 69547838.9628681,
  "largest_singular_value": 12.176319748847765,
  "smallest_effective_singular_value": 1.750783335676146e-07,
  "singular_value_threshold": 1.2176319748847765e-11,
  "coefficient_norm": 5403.867238147323,
  "rank": 256,
  "num_rows": 480,
  "num_columns": 256,
  "oversampling_ratio": 1.875,
  "partitions": [
    1,
    1,
    1
  ],
  "strides": {
    "theta": 1.5707963267948966,
    "x": 2.0,
    "y": 2.0
  },
  "features_per_patch": 128,
  "scale": 1.0,
  "rcond": 1e-12,
  "block_weights": null,
  "collocation": [
    6,
    6,
    6
  ],
  "feature_seconds": 10.193244598805904,
  "assembly_seconds": 9.331101544201374,
  "solve_seconds": 0.021324265748262405,
  "evaluation_seconds": 1.4777554608881474,
  "total_seconds": 21.023425869643688
}
