{
  "problem": "p1",
  "method": "oe_aprfm",
  "epsilon": 0.001,
  "seed": 11,
  "relative_l2_f": 2.0791739251392832e-06,
  "relative_l2_rho": 2.0470016634268405e-06,
  "residual_half": 2.9964417038327673e-07,
  "empirical_stability_ratio": 9.73733419579073,
  "condition_number": 25164961328.23415,
  "largest_singular_value": 8.837942774674136,
  "smallest_effective_singular_value": 3.512003320568704e-10,
  "singular_value_threshold": 8.837942774674135e-12,
  "rank": 128,
  "coefficient_norm": 1153.1909275650069,
  "num_rows": 532,
  "num_columns": 128,
  "oversampling_ratio": 4.15625,
  "feature_seconds": 5.30970786139369,
  "assembly_seconds": 9.118806090205908,
  "solve_seconds": 0.010751664638519287,
  "evaluation_seconds": 2.5682451017200947,
  "total_seconds": 17.007510717958212,
  "rcond": 1e-12,
  "partitions": [
    1,
    1
  ],
  "strides": {
    "v": 1.0,
    "x": 1.0
  },
  "features_per_patch": 64,
  "scale": 1.0,
  "block_weights": null,
  "collocation": {
    "boundary": 14,
    "interior": [
      14,
      14
    ]
  }
}
