{
  "problem": "p3",
  "method": "oe_aprfm",
  "epsilon": 1e-06,
  "seed": 11,
  "relative_l2_f": 0.008084314623601685,
  "relative_l2_rho": 0.008073424440130744,
  "residual_half": 0.00044714941172233796,
  "empirical_stability_ratio": 25.55130154738257,
  "condition_number": 5647280042.431776,
  "largest_singular_value": 14.997149435020278,
  "smallest_effective_singular_value": 2.6556411798842464e-09,
  "singular_value_threshold": 1.4997149435020277e-11,
  "coefficient_norm": 253499.45078690248,
  "rank": 512,
  "num_rows": 1376,
  "num_columns": 512,
  "oversampling_ratio": 2.6875,
  "partitions": [
    1,
    1,
    1
  ],
  "strides": {
    "theta": 1.5707963267948966,
    "x": 2.0,
    "y": 2.0
  },
  "features_per_patch": 256,
  "scale": 1.0,
  "rcond": 1e-12,
  "block_weights": null,
  "collocation": [
    8,
    8,
    8
  ],
  "feature_seconds": 9.918515987694263,
  "assembly_seconds": 21.40669110417366,
  "solve_seconds": 0.21568991988897324,
  "evaluation_seconds": 2.035426691174507,
  "total_seconds": 33.576323702931404
}
