{
  "problem": "p1",
  "method": "oe_aprfm",
  "epsilon": 1e-06,
  "seed": 11,
  "relative_l2_f": 1.2625997747513318e-11,
  "relative_l2_rho": 1.2507663999294301e-11,
  "residual_half": 2.8590019872435786e-12,
  "empirical_stability_ratio": 6.2162879609247295,
  "condition_number": 879803281345.6198,
  "largest_singular_value": 18.19787508216131,
  "smallest_effective_singular_value": 2.0684027291110434e-11,
  "singular_value_threshold": 1.819787508216131e-11,
  "rank": 284,
  "coefficient_norm": 9.632754554697554,
  "num_rows": 2240,
  "num_columns": 512,
  "oversampling_ratio": 4.375,
  "feature_seconds": 5.443978298455477,
  "assembly_seconds": 13.778081368654966,
  "solve_seconds": 0.23848197609186172,
  "evaluation_seconds": 3.1393816508352757,
  "total_seconds": 22.59992329403758,
  "rcond": 1e-12,
  "partitions": [
    1,
    1
  ],
  "strides": {
    "v": 1.0,
    "x": 1.0
  },
  "features_per_patch": 256,
  "scale": 1.0,
  "block_weights": null,
  "collocation": {
    "boundary": 28,
    "interior": [
      28,
      28
    ]
  }
}
