{
  "problem": "p3",
  "method": "oe_aprfm",
  "epsilon": 1.0,
  "seed": 37,
  "relative_l2_f": 23.46030547565014,
  "relative_l2_rho": 16.483902426341,
  "residual_half": 0.005492045048990033,
  "empirical_stability_ratio": 5220.709721538696,
  "condition_number": 205211.5416978177,
  "largest_singular_value": 6.242777357140254,
  "smallest_effective_singular_value": 3.0421180531517062e-05,
  "singular_value_threshold": 6.242777357140254e-12,
  "coefficient_norm": 4802.355854899545,
  "rank": 64,
  "num_rows": 128,
  "num_columns": 64,
  "oversampling_ratio": 2.0,
  "partitions": [
    1,
    1,
    1
  ],
  "strides": {
    "theta": 1.5707963267948966,
    "x": 2.0,
    "y": 2.0
  },
  "features_per_patch": 32,
  "scale": 1.0,
  "rcond": 1e-12,
  "block_weights": null,
  "collocation": [
    4,
    4,
    4
  ],
  "feature_seconds": 10.71002970635891,
  "assembly_seconds": 0.852343961596489,
  "solve_seconds": 0.0013472102582454681,
  "evaluation_seconds": 1.2352916523814201,
  "total_seconds": 12.799012530595064
}
