{
  "problem": "p1",
  "method": "oe_aprfm",
  "epsilon": 1e-06,
  "seed": 37,
  "relative_l2_f": 1.6777916286216623e-11,
  "relative_l2_rho": 1.4939277806180534e-11,
  "residual_half": 4.7440719494522064e-12,
  "empirical_stability_ratio": 4.7354035318858285,
  "condition_number": 986914314562.4922,
  "largest_singular_value": 17.87787896221263,
  "smallest_effective_singular_value": 1.811492517477371e-11,
  "singular_value_threshold": 1.787787896221263e-11,
  "rank": 282,
  "coefficient_norm": 24.66610906531719,
  "num_rows": 2240,
  "num_columns": 512,
  "oversampling_ratio": 4.375,
  "feature_seconds": 6.0746013931930065,
  "assembly_seconds": 13.236770987510681,
  "solve_seconds": 0.2189956195652485,
  "evaluation_seconds": 3.7927892580628395,
  "total_seconds": 23.323157258331776,
  "rcond": 1e-12,
  "partitions": [
    1,
    1
  ],
  "strides": {
    "v": 1.0,
    "x": 1.0
  },
  "features_per_patch": 256,
  "scale": 1.0,
  "block_weights": null,
  "collocation": {
    "boundary": 28,
    "interior": [
      28,
      28
    ]
  }
}
