{
  "problem": "p3",
  "method": "oe_aprfm",
  "epsilon": 1.0,
  "seed": 23,
  "relative_l2_f": 0.14601959624135918,
  "relative_l2_rho": 0.06280522112090337,
  "residual_half": 0.004050573852391506,
  "empirical_stability_ratio": 39.24221989776135,
  "condition_number": 883877.7360584073,
  "largest_singular_value": 8.842558979771333,
  "smallest_effective_singular_value": 1.0004278441500431e-05,
  "singular_value_threshold": 8.842558979771333e-12,
  "coefficient_norm": 535.0936699218908,
  "rank": 128,
  "num_rows": 254,
  "num_columns": 128,
  "oversampling_ratio": 1.984375,
  "partitions": [
    1,
    1,
    1
  ],
  "strides": {
    "theta": 1.5707963267948966,
    "x": 2.0,
    "y": 2.0
  },
  "features_per_patch": 64,
  "scale": 1.0,
  "rcond": 1e-12,
  "block_weights": null,
  "collocation": [
    5,
    5,
    5
  ],
  "feature_seconds": 9.580446641892195,
  "assembly_seconds": 9.135847464203835,
  "solve_seconds": 0.09766136854887009,
  "evaluation_seconds": 1.253798969089985,
  "total_seconds": 20.067754443734884
}
