{
  "problem": "p3",
  "method": "oe_aprfm",
  "epsilon": 0.001,
  "seed": 23,
  "relative_l2_f": 0.14132314635057175,
  "relative_l2_rho": 0.08198530315567364,
  "residual_half": 0.005395782610897123,
  "empirical_stability_ratio": 30.27965571638681,
  "condition_number": 212385663.36675242,
  "largest_singular_value": 7.358684286948833,
  "smallest_effective_singular_value": 3.464774491036002e-08,
  "singular_value_threshold": 7.358684286948832e-12,
  "coefficient_norm": 581111.5806618849,
  "rank": 128,
  "num_rows": 254,
  "num_columns": 128,
  "oversampling_ratio": 1.984375,
  "partitions": [
    1,
    1,
    1
  ],
  "strides": {
    "theta": 1.5707963267948966,
    "x": 2.0,
    "y": 2.0
  },
  "features_per_patch": 64,
  "scale": 1.0,
  "rcond": 1e-12,
  "block_weights": null,
  "collocation": [
    5,
    5,
    5
  ],
  "feature_seconds": 9.042630270123482,
  "assembly_seconds": 9.897675897926092,
  "solve_seconds": 0.18506815657019615,
  "evaluation_seconds": 1.2919540517032146,
  "total_seconds": 20.417328376322985
}
