{
  "problem": "p1",
  "method": "oe_aprfm",
  "epsilon": 1.0,
  "seed": 11,
  "relative_l2_f": 5.549424894364047e-07,
  "relative_l2_rho": 4.688002320054562e-08,
  "residual_half": 4.2516718376123104e-07,
  "empirical_stability_ratio": 1.309882649742641,
  "condition_number": 787761702.3903724,
  "largest_singular_value": 8.832500700206316,
  "smallest_effective_singular_value": 1.121214787848293e-08,
  "singular_value_threshold": 8.832500700206315e-12,
  "rank": 128,
  "coefficient_norm": 160.7281723834162,
  "num_rows": 2944,
  "num_columns": 128,
  "feature_seconds": 6.415324725210667,
  "assembly_seconds": 10.25495120510459,
  "solve_seconds": 0.03366459906101227,
  "evaluation_seconds": 2.941283579915762,
  "total_seconds": 19.64522410929203,
  "rcond": 1e-12,
  "partitions": [
    1,
    1
  ],
  "strides": {
    "v": 1.0,
    "x": 1.0
  },
  "features_per_patch": 64,
  "scale": 1.0,
  "block_weights": null,
  "collocation": {
    "boundary": 32,
    "interior": [
      32,
      32
    ]
  }
}
