{
  "problem": "p1",
  "method": "oe_aprfm",
  "epsilon": 0.001,
  "seed": 37,
  "relative_l2_f": 5.212595049842301e-09,
  "relative_l2_rho": 3.882981142373784e-09,
  "residual_half": 5.062199887512464e-09,
  "empirical_stability_ratio": 1.2840068254477934,
  "condition_number": 5546685062.728566,
  "largest_singular_value": 8.740716508469658,
  "smallest_effective_singular_value": 1.5758451056115777e-09,
  "singular_value_threshold": 8.740716508469658e-12,
  "rank": 128,
  "coefficient_norm": 37.93416569648419,
  "num_rows": 2944,
  "num_columns": 128,
  "feature_seconds": 5.8036100417375565,
  "assembly_seconds": 10.54786005243659,
  "solve_seconds": 0.04892812296748161,
  "evaluation_seconds": 3.1267946995794773,
  "total_seconds": 19.527192916721106,
  "rcond": 1e-12,
  "partitions": [
    1,
    1
  ],
  "strides": {
    "v": 1.0,
    "x": 1.0
  },
  "features_per_patch": 64,
  "scale": 1.0,
  "block_weights": null,
  "collocation": {
    "boundary": 32,
    "interior": [
      32,
      32
    ]
  }
}
