{
  "problem": "p1",
  "method": "oe_aprfm",
  "epsilon": 1.0,
  "seed": 37,
  "relative_l2_f": 6.4902488639206544e-09,
  "relative_l2_rho": 8.926124157399039e-10,
  "residual_half": 4.037785257980034e-09,
  "empirical_stability_ratio": 1.6225088709024333,
  "condition_number": 339741639.2180885,
  "largest_singular_value": 8.617926527328095,
  "smallest_effective_singular_value": 2.5366118051240803e-08,
  "singular_value_threshold": 8.617926527328094e-12,
  "rank": 128,
  "coefficient_norm": 22.24745658083284,
  "num_rows": 2944,
  "num_columns": 128,
  "feature_seconds": 6.624436017125845,
  "assembly_seconds": 10.723437067121267,
  "solve_seconds": 0.04035342112183571,
  "evaluation_seconds": 3.2722744308412075,
  "total_seconds": 20.660500936210155,
  "rcond": 1e-12,
  "partitions": [
    1,
    1
  ],
  "strides": {
    "v": 1.0,
    "x": 1.0
  },
  "features_per_patch": 64,
  "scale": 1.0,
  "block_weights": null,
  "collocation": {
    "boundary": 32,
    "interior": [
      32,
      32
    ]
  }
}
