{
  "problem": "p1",
  "method": "oe_aprfm",
  "epsilon": 1e-06,
  "seed": 11,
  "relative_l2_f": 4.0962377848909644e-07,
  "relative_l2_rho": 2.4126373788097836e-07,
  "residual_half": 4.251978301029317e-07,
  "empirical_stability_ratio": 1.1180546128943842,
  "condition_number": 11460936106.032799,
  "largest_singular_value": 8.947100255501473,
  "smallest_effective_singular_value": 7.806605126078581e-10,
  "singular_value_threshold": 8.947100255501474e-12,
  "rank": 128,
  "coefficient_norm": 516.3985006798068,
  "num_rows": 2944,
  "num_columns": 128,
  "feature_seconds": 6.20091350749135,
  "assembly_seconds": 9.865737836807966,
  "solve_seconds": 0.031094755977392197,
  "evaluation_seconds": 2.642058826982975,
  "total_seconds": 18.739804927259684,
  "rcond": 1e-12,
  "partitions": [
    1,
    1
  ],
  "strides": {
    "v": 1.0,
    "x": 1.0
  },
  "features_per_patch": 64,
  "scale": 1.0,
  "block_weights": null,
  "collocation": {
    "boundary": 32,
    "interior": [
      32,
      32
    ]
  }
}
}
