{
  "problem": "p1",
  "method": "oe_aprfm",
  "epsilon": 1e-06,
  "seed": 37,
  "relative_l2_f": 5.245531332673957e-09,
  "relative_l2_rho": 3.927532783736862e-09,
  "residual_half": 5.059017004005278e-09,
  "empirical_stability_ratio": 1.2953004246676945,
  "condition_number": 5554812135.444002,
  "largest_singular_value": 8.74084034936573,
  "smallest_effective_singular_value": 1.5735618300378516e-09,
  "singular_value_threshold": 8.74084034936573e-12,
  "rank": 128,
  "coefficient_norm": 38.31700998177306,
  "num_rows": 2944,
  "num_columns": 128,
  "feature_seconds": 5.812012687325478,
  "assembly_seconds": 10.374100543558598,
  "solve_seconds": 0.03817891329526901,
  "evaluation_seconds": 2.9254805892705917,
  "total_seconds": 19.149772733449936,
  "rcond": 1e-12,
  "partitions": [
    1,
    1
  ],
  "strides": {
    "v": 1.0,
    "x": 1.0
  },
  "features_per_patch": 64,
  "scale": 1.0,
  "block_weights": null,
  "collocation": {
    "boundary": 32,
    "interior": [
      32,
      32
    ]
  }
}
