{
  "problem": "p3",
  "method": "oe_aprfm",
  "epsilon": 0.001,
  "seed": 37,
  "relative_l2_f": 0.0010941206314283639,
  "relative_l2_rho": 0.00097667569174951,
  "residual_half": 0.0015951965664371772,
  "empirical_stability_ratio": 0.9194021836559513,
  "condition_number": 421731316.7843189,
  "largest_singular_value": 15.261373304953784,
  "smallest_effective_singular_value": 3.6187431896974175e-08,
  "singular_value_threshold": 1.5261373304953783e-11,
  "coefficient_norm": 27017.064521088818,
  "rank": 512,
  "num_rows": 16160,
  "num_columns": 512,
  "oversampling_ratio": 31.5625,
  "partitions": [
    1,
    1,
    1
  ],
  "strides": {
    "theta": 1.5707963267948966,
    "x": 2.0,
    "y": 2.0
  },
  "features_per_patch": 256,
  "scale": 1.0,
  "rcond": 1e-12,
  "block_weights": null,
  "collocation": [
    16,
    16,
    16
  ],
  "feature_seconds": 9.570692960172892,
  "assembly_seconds": 83.87754280120134,
  "solve_seconds": 0.10040879622101784,
  "evaluation_seconds": 4.258315872400999,
  "total_seconds": 97.80696042999625
}
