{
  "problem": "p3",
  "method": "oe_aprfm",
  "epsilon": 1e-06,
  "seed": 11,
  "relative_l2_f": 0.0006435214485134196,
  "relative_l2_rho": 0.0005929999938374076,
  "residual_half": 0.0008043336521878135,
  "empirical_stability_ratio": 1.0879591973636986,
  "condition_number": 550943050.0702848,
  "largest_singular_value": 15.305937279633797,
  "smallest_effective_singular_value": 2.7781341969340007e-08,
  "singular_value_threshold": 1.5305937279633796e-11,
  "coefficient_norm": 30935.279939079966,
  "rank": 512,
  "num_rows": 16160,
  "num_columns": 512,
  "oversampling_ratio": 31.5625,
  "partitions": [
    1,
    1,
    1
  ],
  "strides": {
    "theta": 1.5707963267948966,
    "x": 2.0,
    "y": 2.0
  },
  "features_per_patch": 256,
  "scale": 1.0,
  "rcond": 1e-12,
  "block_weights": null,
  "collocation": [
    16,
    16,
    16
  ],
  "feature_seconds": 12.87713024392724,
  "assembly_seconds": 79.24243601411581,
  "solve_seconds": 0.11838026717305183,
  "evaluation_seconds": 2.6861279979348183,
  "total_seconds": 94.92407452315092
}
