{
  "problem": "p3",
  "method": "oe_aprfm",
  "epsilon": 1e-06,
  "seed": 23,
  "relative_l2_f": 0.0011660588418015842,
  "relative_l2_rho": 0.0010415448020100859,
  "residual_half": 0.0015426966814000456,
  "empirical_stability_ratio": 1.0134801732037748,
  "condition_number": 273550534.9288099,
  "largest_singular_value": 15.479943741371052,
  "smallest_effective_singular_value": 5.6588972656915584e-08,
  "singular_value_threshold": 1.547994374137105e-11,
  "coefficient_norm": 12825.566273025886,
  "rank": 512,
  "num_rows": 16160,
  "num_columns": 512,
  "oversampling_ratio": 31.5625,
  "partitions": [
    1,
    1,
    1
  ],
  "strides": {
    "theta": 1.5707963267948966,
    "x": 2.0,
    "y": 2.0
  },
  "features_per_patch": 256,
  "scale": 1.0,
  "rcond": 1e-12,
  "block_weights": null,
  "collocation": [
    16,
    16,
    16
  ],
  "feature_seconds": 12.659288171678782,
  "assembly_seconds": 79.31529746577144,
  "solve_seconds": 0.11169280111789703,
  "evaluation_seconds": 2.6719383411109447,
  "total_seconds": 94.75821677967906
}
