{
  "problem": "p4",
  "method": "mm_aprfm",
  "epsilon": 1.0,
  "seed": 17,
  "relative_l2_f": 6.32788531621865e-05,
  "relative_l2_rho": 5.540785441461263e-05,
  "condition_number": 834967809493.1001,
  "rank": 410,
  "num_rows": 15736,
  "num_columns": 512,
  "oversampling_ratio": 30.734375,
  "partitions": [
    1,
    1,
    1
  ],
  "features_per_field_patch": 256,
  "total_features": 512,
  "rcond": 1e-12,
  "collocation": [
    16,
    16,
    25
  ],
  "feature_seconds": 0.045714396983385086,
  "assembly_seconds": 36.55747466161847,
  "solve_seconds": 0.4672389551997185,
  "evaluation_seconds": 2.8077650405466557,
  "total_seconds": 39.87819305434823
}
