{
  "problem": "p1",
  "method": "mm_aprfm",
  "epsilon": 0.001,
  "seed": 17,
  "relative_l2_f": 4.9368410848491124e-11,
  "relative_l2_rho": 4.936832649158103e-11,
  "condition_number": 380630701805.7803,
  "rank": 81,
  "num_rows": 3008,
  "num_columns": 128,
  "oversampling_ratio": 23.5,
  "partitions": [
    1,
    1
  ],
  "rho_features_per_patch": 64,
  "g_features_per_patch": 64,
  "total_features": 128,
  "rcond": 1e-12,
  "collocation": {
    "interior": [
      32,
      34
    ],
    "boundary": 64
  },
  "feature_seconds": 0.0316595621407032,
  "assembly_seconds": 3.3657885640859604,
  "solve_seconds": 0.01687636226415634,
  "evaluation_seconds": 1.2653701640665531,
  "total_seconds": 4.679694652557373
}
