{
  "problem": "p5",
  "method": "mm_aprfm",
  "epsilon": 0.001,
  "seed": 17,
  "relative_l2_f": 6.908533005518714e-05,
  "relative_l2_rho": 6.908532084896454e-05,
  "condition_number": 637031401595.9058,
  "rank": 766,
  "num_rows": 16008,
  "num_columns": 768,
  "oversampling_ratio": 20.84375,
  "partitions": [
    2,
    2,
    1
  ],
  "features_per_field_patch": 96,
  "total_features": 768,
  "rcond": 1e-12,
  "collocation": [
    16,
    16,
    24
  ],
  "feature_seconds": 0.038468725979328156,
  "assembly_seconds": 51.11976967006922,
  "solve_seconds": 0.7890353128314018,
  "evaluation_seconds": 10.662269178777933,
  "total_seconds": 62.60954288765788
}
