{
  "problem": "p4",
  "method": "mm_aprfm",
  "epsilon": 0.001,
  "seed": 7,
  "relative_l2_f": 0.0004450244062798131,
  "relative_l2_rho": 0.0004450195443164543,
  "condition_number": 996913721657.9884,
  "rank": 413,
  "num_rows": 15736,
  "num_columns": 512,
  "oversampling_ratio": 30.734375,
  "partitions": [
    1,
    1,
    1
  ],
  "features_per_field_patch": 256,
  "total_features": 512,
  "rcond": 1e-12,
  "collocation": [
    16,
    16,
    25
  ],
  "feature_seconds": 0.05543478578329086,
  "assembly_seconds": 35.806161891669035,
  "solve_seconds": 0.5028586238622665,
  "evaluation_seconds": 2.620347488671541,
  "total_seconds": 38.984802789986134
}
