{
  "problem": "p5",
  "method": "mm_aprfm",
  "epsilon": 1.0,
  "seed": 7,
  "relative_l2_f": 3.4867518893328584e-05,
  "relative_l2_rho": 3.4855812916827844e-05,
  "condition_number": 693297536316.2302,
  "rank": 766,
  "num_rows": 16008,
  "num_columns": 768,
  "oversampling_ratio": 20.84375,
  "partitions": [
    2,
    2,
    1
  ],
  "features_per_field_patch": 96,
  "total_features": 768,
  "rcond": 1e-12,
  "collocation": [
    16,
    16,
    24
  ],
  "feature_seconds": 0.044104088097810745,
  "assembly_seconds": 47.962018217891455,
  "solve_seconds": 0.8427959345281124,
  "evaluation_seconds": 10.566554125398397,
  "total_seconds": 59.415472365915775
}
