{
  "problem": "p2",
  "method": "mm_aprfm",
  "epsilon": 0.001,
  "seed": 7,
  "relative_l2_f": 0.0009903124442218083,
  "relative_l2_rho": 0.0009662297837210013,
  "condition_number": 997252.9997101283,
  "rank": 210,
  "num_rows": 3008,
  "num_columns": 1024,
  "oversampling_ratio": 2.9375,
  "partitions": [
    2,
    4
  ],
  "rho_features_per_patch": 128,
  "g_features_per_patch": 96,
  "total_features": 1024,
  "rcond": 1e-06,
  "collocation": {
    "interior": [
      32,
      34
    ],
    "boundary": 64
  },
  "feature_seconds": 0.03944878280162811,
  "assembly_seconds": 46.2115035764873,
  "solve_seconds": 0.4717927910387516,
  "evaluation_seconds": 22.184740241616964,
  "total_seconds": 68.90748539194465
}
