{
  "problem": "p2",
  "method": "mm_aprfm",
  "epsilon": 1.0,
  "seed": 17,
  "relative_l2_f": 0.029258701264657804,
  "relative_l2_rho": 0.004178777803847384,
  "condition_number": 994548.0985395206,
  "rank": 335,
  "num_rows": 3008,
  "num_columns": 1024,
  "oversampling_ratio": 2.9375,
  "partitions": [
    2,
    4
  ],
  "rho_features_per_patch": 128,
  "g_features_per_patch": 96,
  "total_features": 1024,
  "rcond": 1e-06,
  "collocation": {
    "interior": [
      32,
      34
    ],
    "boundary": 64
  },
  "feature_seconds": 0.03382197767496109,
  "assembly_seconds": 44.269441198557615,
  "solve_seconds": 0.4111330658197403,
  "evaluation_seconds": 22.09010173380375,
  "total_seconds": 66.80449797585607
}
