{
  "problem": "p2",
  "method": "mm_aprfm",
  "epsilon": 1.0,
  "seed": 7,
  "relative_l2_f": 0.029258701264657804,
  "relative_l2_rho": 0.004178777803847384,
  "condition_number": 994548.0985395206,
  "rank": 335,
  "num_rows": 3008,
  "num_columns": 1024,
  "oversampling_ratio": 2.9375,
  "partitions": [
    2,
    4
  ],
  "rho_features_per_patch": 128,
  "g_features_per_patch": 96,
  "total_features": 1024,
  "rcond": 1e-06,
  "collocation": {
    "interior": [
      32,
      34
    ],
    "boundary": 64
  },
  "feature_seconds": 0.034231796860694885,
  "assembly_seconds": 46.07355382293463,
  "solve_seconds": 0.40430106595158577,
  "evaluation_seconds": 23.26314239948988,
  "total_seconds": 69.77522908523679
}
