{
  "problem": "p4",
  "method": "mm_aprfm",
  "epsilon": 1.0,
  "seed": 7,
  "relative_l2_f": 6.32788531621865e-05,
  "relative_l2_rho": 5.540785441461263e-05,
  "condition_number": 834967809493.1001,
  "rank": 410,
  "num_rows": 15736,
  "num_columns": 512,
  "oversampling_ratio": 30.734375,
  "partitions": [
    1,
    1,
    1
  ],
  "features_per_field_patch": 256,
  "total_features": 512,
  "rcond": 1e-12,
  "collocation": [
    16,
    16,
    25
  ],
  "feature_seconds": 0.043842654675245285,
  "assembly_seconds": 42.99379185587168,
  "solve_seconds": 0.506421934813261,
  "evaluation_seconds": 2.3592011220753193,
  "total_seconds": 45.9032575674355
}
