{
  "problem": "p2",
  "method": "mm_aprfm",
  "epsilon": 0.001,
  "seed": 17,
  "relative_l2_f": 0.0009903124442218083,
  "relative_l2_rho": 0.0009662297837210013,
  "condition_number": 997252.9997101283,
  "rank": 210,
  "num_rows": 3008,
  "num_columns": 1024,
  "oversampling_ratio": 2.9375,
  "partitions": [
    2,
    4
  ],
  "rho_features_per_patch": 128,
  "g_features_per_patch": 96,
  "total_features": 1024,
  "rcond": 1e-06,
  "collocation": {
    "interior": [
      32,
      34
    ],
    "boundary": 64
  },
  "feature_seconds": 0.03355558216571808,
  "assembly_seconds": 47.214919455349445,
  "solve_seconds": 0.3679940178990364,
  "evaluation_seconds": 21.924328345805407,
  "total_seconds": 69.5407974012196
}
