{
  "problem": "p5",
  "method": "mm_aprfm",
  "epsilon": 1.0,
  "seed": 11,
  "relative_l2_f": 3.48674098304773e-05,
  "relative_l2_rho": 3.485570374263391e-05,
  "condition_number": 693297093720.1566,
  "rank": 766,
  "num_rows": 16008,
  "num_columns": 768,
  "oversampling_ratio": 20.84375,
  "partitions": [
    2,
    2,
    1
  ],
  "features_per_field_patch": 96,
  "total_features": 768,
  "rcond": 1e-12,
  "collocation": [
    16,
    16,
    24
  ],
  "feature_seconds": 0.03429042920470238,
  "assembly_seconds": 62.87548212707043,
  "solve_seconds": 80.17955049872398,
  "evaluation_seconds": 8.24827815964818,
  "total_seconds": 151.3376012146473
}
