{
  "problem": "p2",
  "method": "mm_aprfm",
  "epsilon": 0.001,
  "seed": 11,
  "relative_l2_f": 0.0009903124440819992,
  "relative_l2_rho": 0.0009662297835781268,
  "condition_number": 997252.9997104115,
  "rank": 210,
  "num_rows": 3008,
  "num_columns": 1024,
  "oversampling_ratio": 2.9375,
  "partitions": [
    2,
    4
  ],
  "rho_features_per_patch": 128,
  "g_features_per_patch": 96,
  "total_features": 1024,
  "rcond": 1e-06,
  "collocation": {
    "interior": [
      32,
      34
    ],
    "boundary": 64
  },
  "feature_seconds": 0.04061548784375191,
  "assembly_seconds": 66.26804772764444,
  "solve_seconds": 59.42663261666894,
  "evaluation_seconds": 27.447171963751316,
  "total_seconds": 153.18246779590845
}
