{
  "problem": "p1",
  "method": "mm_aprfm",
  "epsilon": 0.001,
  "seed": 71,
  "relative_l2_f": 4.936841084849113e-11,
  "relative_l2_rho": 4.936832649158103e-11,
  "condition_number": 380630701805.7803,
  "rank": 81,
  "num_rows": 3008,
  "num_columns": 128,
  "oversampling_ratio": 23.5,
  "partitions": [
    1,
    1
  ],
  "rho_features_per_patch": 64,
  "g_features_per_patch": 64,
  "total_features": 128,
  "rcond": 1e-12,
  "collocation": {
    "interior": [
      32,
      34
    ],
    "boundary": 64
  },
  "feature_seconds": 0.0370655320584774,
  "assembly_seconds": 5.012237139046192,
  "solve_seconds": 6.454691085964441,
  "evaluation_seconds": 2.2583292573690414,
  "total_seconds": 13.762323014438152
}
