{
  "problem": "p4",
  "method": "mm_aprfm",
  "epsilon": 0.001,
  "seed": 11,
  "relative_l2_f": 0.0004450240188875927,
  "relative_l2_rho": 0.000445019156923505,
  "condition_number": 996913651602.6366,
  "rank": 413,
  "num_rows": 15736,
  "num_columns": 512,
  "oversampling_ratio": 30.734375,
  "partitions": [
    1,
    1,
    1
  ],
  "features_per_field_patch": 256,
  "total_features": 512,
  "rcond": 1e-12,
  "collocation": [
    16,
    16,
    25
  ],
  "feature_seconds": 0.033081233501434326,
  "assembly_seconds": 40.0110928080976,
  "solve_seconds": 44.98457194119692,
  "evaluation_seconds": 3.4320554956793785,
  "total_seconds": 88.46080147847533
}
