{
  "problem": "p3",
  "method": "mm_aprfm",
  "epsilon": 0.001,
  "seed": 17,
  "relative_l2_f": 1.3554046822855015e-07,
  "relative_l2_rho": 1.3554037617788425e-07,
  "condition_number": 850812888651.4089,
  "rank": 411,
  "num_rows": 16008,
  "num_columns": 512,
  "oversampling_ratio": 31.265625,
  "partitions": [
    1,
    1,
    1
  ],
  "features_per_field_patch": 256,
  "total_features": 512,
  "rcond": 1e-12,
  "collocation": [
    16,
    16,
    24
  ],
  "feature_seconds": 0.03715814650058746,
  "assembly_seconds": 27.823784794658422,
  "solve_seconds": 0.486922737210989,
  "evaluation_seconds": 2.1898259818553925,
  "total_seconds": 30.53769166022539
}
