{
  "problem": "p3",
  "method": "mm_aprfm",
  "epsilon": 1.0,
  "seed": 7,
  "relative_l2_f": 9.833045782924472e-09,
  "relative_l2_rho": 9.69811669973079e-09,
  "condition_number": 903586302566.1133,
  "rank": 412,
  "num_rows": 16008,
  "num_columns": 512,
  "oversampling_ratio": 31.265625,
  "partitions": [
    1,
    1,
    1
  ],
  "features_per_field_patch": 256,
  "total_features": 512,
  "rcond": 1e-12,
  "collocation": [
    16,
    16,
    24
  ],
  "feature_seconds": 0.033335596323013306,
  "assembly_seconds": 27.616603199392557,
  "solve_seconds": 0.4910016134381294,
  "evaluation_seconds": 2.316938776522875,
  "total_seconds": 30.457879185676575
}
