{
  "problem": "p3",
  "method": "oe_aprfm",
  "epsilon": 0.001,
  "seed": 17,
  "relative_l2_f": 0.0003512779839322592,
  "relative_l2_rho": 0.00030459324195102305,
  "condition_number": 505768928.57516617,
  "rank": 512,
  "partitions": [
    1,
    1,
    1
  ],
  "strides": {
    "theta": 1.5707963267948966,
    "x": 2.0,
    "y": 2.0
  },
  "features_per_patch": 256,
  "scale": 1.0,
  "rcond": 1e-12,
  "block_weights": null,
  "collocation": [
    16,
    16,
    16
  ],
  "feature_seconds": 12.461961708962917,
  "assembly_seconds": 234.51037005335093,
  "solve_seconds": 0.15645355731248856,
  "evaluation_seconds": 6.341964226216078,
  "total_seconds": 253.4707495458424
}
