{
  "problem": "p2",
  "method": "oe_aprfm",
  "epsilon": 0.001,
  "seed": 17,
  "relative_l2_f": 0.007898590688954625,
  "relative_l2_rho": 0.001967844659520473,
  "condition_number": 3074270430993.159,
  "rank": 476,
  "partitions": [
    2,
    4
  ],
  "strides": {
    "v": 0.25,
    "x": 0.5
  },
  "features_per_patch": 64,
  "scale": 1.0,
  "rcond": 1e-06,
  "block_weights": null,
  "feature_seconds": 27.442750420421362,
  "assembly_seconds": 62.13459399342537,
  "solve_seconds": 0.5672509334981441,
  "evaluation_seconds": 28.001771468669176,
  "total_seconds": 118.14636681601405
}
