{
  "problem": "p4",
  "method": "oe_aprfm",
  "epsilon": 1.0,
  "seed": 17,
  "relative_l2_f": 0.0504164997980061,
  "relative_l2_rho": 0.013414360905913242,
  "condition_number": 194561123.79821044,
  "rank": 512,
  "partitions": [
    1,
    1,
    1
  ],
  "strides": {
    "theta": 1.5707963267948966,
    "x": 2.0,
    "y": 2.0
  },
  "features_per_patch": 256,
  "scale": 1.0,
  "rcond": 1e-12,
  "block_weights": null,
  "collocation": [
    16,
    16,
    16
  ],
  "feature_seconds": 9.265902552753687,
  "assembly_seconds": 235.35233313590288,
  "solve_seconds": 0.06938241049647331,
  "evaluation_seconds": 2.8420565836131573,
  "total_seconds": 247.5296746827662
}
