{
  "problem": "p1",
  "method": "oe_aprfm",
  "epsilon": 1.0,
  "seed": 7,
  "relative_l2_f": 1.243897612430906e-06,
  "condition_number": 373560646.8275149,
  "rank": 128,
  "num_rows": 3008,
  "num_columns": 128,
  "feature_seconds": 5.217435069382191,
  "assembly_seconds": 8.720495957881212,
  "solve_seconds": 0.03149189427495003,
  "evaluation_seconds": 2.6148297525942326,
  "total_seconds": 16.584252674132586,
  "rcond": 1e-12,
  "partitions": [
    1,
    1
  ],
  "strides": {
    "v": 1.0,
    "x": 1.0
  },
  "features_per_patch": 64,
  "scale": 1.0,
  "block_weights": null
}
