{
  "problem": "p4",
  "method": "oe_aprfm",
  "epsilon": 0.001,
  "seed": 7,
  "relative_l2_f": 0.01615228859834091,
  "relative_l2_rho": 0.01304735404333185,
  "condition_number": 468702862.97895724,
  "rank": 512,
  "partitions": [
    1,
    1,
    1
  ],
  "strides": {
    "theta": 1.5707963267948966,
    "x": 2.0,
    "y": 2.0
  },
  "features_per_patch": 256,
  "scale": 1.0,
  "rcond": 1e-12,
  "block_weights": null,
  "collocation": [
    16,
    16,
    16
  ],
  "feature_seconds": 9.306298889219761,
  "assembly_seconds": 234.42008275166154,
  "solve_seconds": 0.18420954793691635,
  "evaluation_seconds": 2.8039342127740383,
  "total_seconds": 246.71452540159225
}
