{
  "problem": "p3",
  "method": "oe_aprfm",
  "epsilon": 0.001,
  "seed": 7,
  "relative_l2_f": 0.0013709961567727716,
  "relative_l2_rho": 0.0012413753300821975,
  "condition_number": 405008445.817692,
  "rank": 512,
  "partitions": [
    1,
    1,
    1
  ],
  "strides": {
    "theta": 1.5707963267948966,
    "x": 2.0,
    "y": 2.0
  },
  "features_per_patch": 256,
  "scale": 1.0,
  "rcond": 1e-12,
  "block_weights": null,
  "collocation": [
    16,
    16,
    16
  ],
  "feature_seconds": 8.295011270791292,
  "assembly_seconds": 130.3749772273004,
  "solve_seconds": 0.15422337129712105,
  "evaluation_seconds": 3.4801762513816357,
  "total_seconds": 142.30438812077045
}
