{
  "problem": "p1",
  "method": "oe_aprfm",
  "epsilon": 1.0,
  "seed": 17,
  "relative_l2_f": 1.1073024849986006e-07,
  "condition_number": 191326279.17723978,
  "rank": 128,
  "num_rows": 3008,
  "num_columns": 128,
  "feature_seconds": 4.860889837145805,
  "assembly_seconds": 8.758463509380817,
  "solve_seconds": 0.06053856760263443,
  "evaluation_seconds": 2.3267359733581543,
  "total_seconds": 16.00662788748741,
  "rcond": 1e-12,
  "partitions": [
    1,
    1
  ],
  "strides": {
    "v": 1.0,
    "x": 1.0
  },
  "features_per_patch": 64,
  "scale": 1.0,
  "block_weights": null
}
