{
  "problem": "p2",
  "method": "oe_aprfm",
  "epsilon": 1.0,
  "seed": 7,
  "relative_l2_f": 0.02855142761216077,
  "relative_l2_rho": 0.002845539972234592,
  "condition_number": 7023497874.921207,
  "rank": 663,
  "partitions": [
    2,
    4
  ],
  "strides": {
    "v": 0.25,
    "x": 0.5
  },
  "features_per_patch": 64,
  "scale": 1.0,
  "rcond": 1e-06,
  "block_weights": null,
  "feature_seconds": 20.229500629007816,
  "assembly_seconds": 48.17275717481971,
  "solve_seconds": 0.5653930678963661,
  "evaluation_seconds": 26.6289932616055,
  "total_seconds": 95.59664413332939
}
