{
  "problem": "p1",
  "method": "oe_aprfm",
  "epsilon": 0.001,
  "seed": 17,
  "relative_l2_f": 9.95678180443443e-08,
  "condition_number": 3376229865.321898,
  "rank": 128,
  "num_rows": 3008,
  "num_columns": 128,
  "feature_seconds": 6.657073490321636,
  "assembly_seconds": 9.684672366827726,
  "solve_seconds": 0.046171657741069794,
  "evaluation_seconds": 2.6223122142255306,
  "total_seconds": 19.010229729115963,
  "rcond": 1e-12,
  "partitions": [
    1,
    1
  ],
  "strides": {
    "v": 1.0,
    "x": 1.0
  },
  "features_per_patch": 64,
  "scale": 1.0,
  "block_weights": null
}
