{
  "problem": "p5",
  "method": "oe_aprfm",
  "epsilon": 0.001,
  "seed": 17,
  "relative_l2_f": 0.01688610490379326,
  "relative_l2_rho": 0.016355608290229317,
  "condition_number": 1539233.4748827312,
  "rank": 768,
  "partitions": [
    2,
    2,
    1
  ],
  "strides": {
    "theta": 1.5707963267948966,
    "x": 1.0,
    "y": 1.0
  },
  "features_per_patch": 96,
  "scale": 1.0,
  "rcond": 1e-12,
  "block_weights": null,
  "collocation": [
    16,
    16,
    16
  ],
  "feature_seconds": 21.380953796207905,
  "assembly_seconds": 184.09599427506328,
  "solve_seconds": 0.21639979258179665,
  "evaluation_seconds": 8.946344431489706,
  "total_seconds": 214.63969229534268
}
