{
  "problem": "p1",
  "method": "oe_aprfm",
  "epsilon": 0.001,
  "seed": 7,
  "relative_l2_f": 5.70266907541568e-07,
  "condition_number": 6570204397.943796,
  "rank": 128,
  "num_rows": 3008,
  "num_columns": 128,
  "feature_seconds": 5.0581116788089275,
  "assembly_seconds": 8.753503162413836,
  "solve_seconds": 0.03337923437356949,
  "evaluation_seconds": 2.490250464528799,
  "total_seconds": 16.33524454012513,
  "rcond": 1e-12,
  "partitions": [
    1,
    1
  ],
  "strides": {
    "v": 1.0,
    "x": 1.0
  },
  "features_per_patch": 64,
  "scale": 1.0,
  "block_weights": null
}
