{
  "problem": "p5",
  "method": "oe_aprfm",
  "epsilon": 0.001,
  "seed": 7,
  "relative_l2_f": 0.017781328408793318,
  "relative_l2_rho": 0.01695089239391759,
  "condition_number": 3136944.5078200484,
  "rank": 768,
  "partitions": [
    2,
    2,
    1
  ],
  "strides": {
    "theta": 1.5707963267948966,
    "x": 1.0,
    "y": 1.0
  },
  "features_per_patch": 96,
  "scale": 1.0,
  "rcond": 1e-12,
  "block_weights": null,
  "collocation": [
    16,
    16,
    16
  ],
  "feature_seconds": 20.596711419522762,
  "assembly_seconds": 187.4828176572919,
  "solve_seconds": 0.33159802481532097,
  "evaluation_seconds": 9.721876710653305,
  "total_seconds": 218.13300381228328
}
