{
  "problem": "p1",
  "method": "oe_aprfm",
  "epsilon": 0.001,
  "seed": 7,
  "relative_l2_f": 5.70266907541568e-07,
  "condition_number": 6570204397.943796,
  "rank": 128,
  "num_rows": 3008,
  "num_columns": 128,
  "feature_seconds": 5.067455090582371,
  "assembly_seconds": 8.019752189517021,
  "solve_seconds": 0.027295995503664017,
  "evaluation_seconds": 2.2973880730569363,
  "total_seconds": 15.411891348659992,
  "rcond": 1e-12,
  "partitions": [
    1,
    1
  ],
  "strides": {
    "v": 1.0,
    "x": 1.0
  },
  "features_per_patch": 64,
  "scale": 1.0,
  "block_weights": null
}
