{
  "problem": "p3",
  "method": "oe_aprfm",
  "epsilon": 0.001,
  "seed": 7,
  "relative_l2_f": 0.0013709961567727716,
  "relative_l2_rho": 0.0012413753300821975,
  "condition_number": 405008445.817692,
  "rank": 512,
  "partitions": [
    1,
    1,
    1
  ],
  "strides": {
    "theta": 1.5707963267948966,
    "x": 2.0,
    "y": 2.0
  },
  "features_per_patch": 256,
  "scale": 1.0,
  "rcond": 1e-12,
  "block_weights": null,
  "collocation": [
    16,
    16,
    16
  ],
  "feature_seconds": 11.93274024873972,
  "assembly_seconds": 222.7866820767522,
  "solve_seconds": 0.2714209631085396,
  "evaluation_seconds": 6.2836462408304214,
  "total_seconds": 241.27448952943087
}
