{
  "problem": "p4",
  "method": "oe_aprfm",
  "epsilon": 0.001,
  "seed": 17,
  "relative_l2_f": 0.014170476302302223,
  "relative_l2_rho": 0.010749496777564732,
  "condition_number": 601643971.6086481,
  "rank": 512,
  "partitions": [
    1,
    1,
    1
  ],
  "strides": {
    "theta": 1.5707963267948966,
    "x": 2.0,
    "y": 2.0
  },
  "features_per_patch": 256,
  "scale": 1.0,
  "rcond": 1e-12,
  "block_weights": null,
  "collocation": [
    16,
    16,
    16
  ],
  "feature_seconds": 10.809064753353596,
  "assembly_seconds": 230.13566083461046,
  "solve_seconds": 0.1911931112408638,
  "evaluation_seconds": 6.775250531733036,
  "total_seconds": 247.91116923093796
}
