{
  "problem": "p4",
  "method": "oe_aprfm",
  "epsilon": 1.0,
  "seed": 17,
  "relative_l2_f": 0.0504164997980061,
  "relative_l2_rho": 0.013414360905913242,
  "condition_number": 194561123.79821044,
  "rank": 512,
  "partitions": [
    1,
    1,
    1
  ],
  "strides": {
    "theta": 1.5707963267948966,
    "x": 2.0,
    "y": 2.0
  },
  "features_per_patch": 256,
  "scale": 1.0,
  "rcond": 1e-12,
  "block_weights": null,
  "collocation": [
    16,
    16,
    16
  ],
  "feature_seconds": 7.806924652308226,
  "assembly_seconds": 119.18842425197363,
  "solve_seconds": 0.432866171002388,
  "evaluation_seconds": 3.5605181604623795,
  "total_seconds": 130.98873323574662
}
