{
  "problem": "p3",
  "method": "oe_aprfm",
  "epsilon": 1.0,
  "seed": 17,
  "relative_l2_f": 0.0062768509371346325,
  "relative_l2_rho": 0.0007657394717152362,
  "condition_number": 84636136.08513372,
  "rank": 512,
  "partitions": [
    1,
    1,
    1
  ],
  "strides": {
    "theta": 1.5707963267948966,
    "x": 2.0,
    "y": 2.0
  },
  "features_per_patch": 256,
  "scale": 1.0,
  "rcond": 1e-12,
  "block_weights": null,
  "collocation": [
    16,
    16,
    16
  ],
  "feature_seconds": 7.908125769346952,
  "assembly_seconds": 127.80124006420374,
  "solve_seconds": 0.4061637707054615,
  "evaluation_seconds": 3.618056919425726,
  "total_seconds": 139.73358652368188
}
