{
  "problem": "p1",
  "method": "oe_aprfm",
  "epsilon": 1.0,
  "seed": 7,
  "relative_l2_f": 1.243897612430906e-06,
  "condition_number": 373560646.8275149,
  "rank": 128,
  "num_rows": 3008,
  "num_columns": 128,
  "feature_seconds": 5.173548497259617,
  "assembly_seconds": 8.1220679320395,
  "solve_seconds": 0.03272153064608574,
  "evaluation_seconds": 2.4876108057796955,
  "total_seconds": 15.815948765724897,
  "rcond": 1e-12,
  "partitions": [
    1,
    1
  ],
  "strides": {
    "v": 1.0,
    "x": 1.0
  },
  "features_per_patch": 64,
  "scale": 1.0,
  "block_weights": null
}
