{
  "problem": "p2",
  "method": "oe_aprfm",
  "epsilon": 1.0,
  "seed": 7,
  "relative_l2_f": 0.02855142761216077,
  "relative_l2_rho": 0.002845539972234592,
  "condition_number": 7023497874.921207,
  "rank": 663,
  "partitions": [
    2,
    4
  ],
  "strides": {
    "v": 0.25,
    "x": 0.5
  },
  "features_per_patch": 64,
  "scale": 1.0,
  "rcond": 1e-06,
  "block_weights": null,
  "feature_seconds": 19.39482980594039,
  "assembly_seconds": 42.86248008906841,
  "solve_seconds": 0.49903062358498573,
  "evaluation_seconds": 16.316228326410055,
  "total_seconds": 79.07256884500384
}
