{
  "problem": "p5",
  "method": "oe_aprfm",
  "epsilon": 1.0,
  "seed": 17,
  "relative_l2_f": 0.03850446238099036,
  "relative_l2_rho": 0.024245367771571123,
  "condition_number": 216841.63322077075,
  "rank": 768,
  "partitions": [
    2,
    2,
    1
  ],
  "strides": {
    "theta": 1.5707963267948966,
    "x": 1.0,
    "y": 1.0
  },
  "features_per_patch": 96,
  "scale": 1.0,
  "rcond": 1e-12,
  "block_weights": null,
  "collocation": [
    16,
    16,
    16
  ],
  "feature_seconds": 20.47197936475277,
  "assembly_seconds": 189.60945320501924,
  "solve_seconds": 0.15252754092216492,
  "evaluation_seconds": 10.251051291823387,
  "total_seconds": 220.48501140251756
}
