{
  "problem": "p5",
  "method": "oe_aprfm",
  "epsilon": 1.0,
  "seed": 7,
  "relative_l2_f": 0.03429444242758639,
  "relative_l2_rho": 0.018684454465438975,
  "condition_number": 487371.0476954502,
  "rank": 768,
  "partitions": [
    2,
    2,
    1
  ],
  "strides": {
    "theta": 1.5707963267948966,
    "x": 1.0,
    "y": 1.0
  },
  "features_per_patch": 96,
  "scale": 1.0,
  "rcond": 1e-12,
  "block_weights": null,
  "collocation": [
    16,
    16,
    16
  ],
  "feature_seconds": 22.087960317730904,
  "assembly_seconds": 191.64139878749847,
  "solve_seconds": 0.22656863182783127,
  "evaluation_seconds": 11.130772739648819,
  "total_seconds": 225.08670047670603
}
