{
  "problem": "p3",
  "method": "oe_aprfm",
  "epsilon": 1.0,
  "seed": 7,
  "relative_l2_f": 0.017649956930003194,
  "relative_l2_rho": 0.0011899066111945534,
  "condition_number": 81972171.28452612,
  "rank": 512,
  "partitions": [
    1,
    1,
    1
  ],
  "strides": {
    "theta": 1.5707963267948966,
    "x": 2.0,
    "y": 2.0
  },
  "features_per_patch": 256,
  "scale": 1.0,
  "rcond": 1e-12,
  "block_weights": null,
  "collocation": [
    16,
    16,
    16
  ],
  "feature_seconds": 10.93302869796753,
  "assembly_seconds": 214.23607812449336,
  "solve_seconds": 0.15660080313682556,
  "evaluation_seconds": 2.908509112894535,
  "total_seconds": 228.23421673849225
}
