GMRES iteration 1: residual=2.555363e-01
GMRES iteration 50: residual=3.539911e-03
GMRES iteration 100: residual=6.779061e-05
GMRES iteration 150: residual=2.368228e-06
GMRES iteration 200: residual=5.001746e-08
GMRES iteration 250: residual=1.228801e-09
{
  "problem": "p5",
  "method": "oe_si_dsa_krylov",
  "epsilon": 1.0,
  "grid": [
    24,
    24,
    6
  ],
  "tolerance": 1e-09,
  "max_iterations": 500,
  "iterations": 253,
  "converged": true,
  "relative_l2_f": 0.0008165470151808347,
  "relative_l2_rho": 0.0007729838104825424,
  "runtime_seconds": 57.57102890685201,
  "relative_residual": 9.766744655144137e-10
}
