SI+DSA iteration 1: difference=7.042756e+01
SI+DSA iteration 100: difference=1.846374e-02
SI+DSA iteration 200: difference=2.461705e-03
SI+DSA iteration 300: difference=3.170659e-04
SI+DSA iteration 400: difference=3.700810e-05
SI+DSA iteration 500: difference=3.723899e-06
{
  "problem": "p2",
  "method": "oe_si_dsa",
  "epsilon": 0.001,
  "grid": [
    256,
    128
  ],
  "tolerance": 1e-09,
  "max_iterations": 500,
  "iterations": 500,
  "converged": false,
  "relative_l2_f": null,
  "relative_l2_rho": 1.817240241154359e-05,
  "runtime_seconds": 6.170826226472855,
  "final_difference": 3.7238994606851275e-06
}
