GMRES iteration 1: residual=8.048547e-01
GMRES iteration 50: residual=6.119647e-03
GMRES iteration 100: residual=6.599835e-06
GMRES iteration 150: residual=5.324691e-08
GMRES iteration 200: residual=1.122990e-09
{
  "problem": "p4",
  "method": "oe_si_dsa_krylov",
  "epsilon": 1.0,
  "grid": [
    24,
    24,
    6
  ],
  "tolerance": 1e-09,
  "max_iterations": 500,
  "iterations": 203,
  "converged": true,
  "relative_l2_f": 0.000809750119644788,
  "relative_l2_rho": 0.0006785086467276021,
  "runtime_seconds": 18.60921037569642,
  "relative_residual": 9.739346057501135e-10
}
