GMRES iteration 1: residual=2.192710e-01
GMRES iteration 50: residual=6.097667e-04
GMRES iteration 100: residual=2.338024e-04
GMRES iteration 150: residual=1.582467e-04
GMRES iteration 200: residual=8.288595e-05
GMRES iteration 250: residual=6.265669e-05
GMRES iteration 300: residual=3.996291e-05
GMRES iteration 350: residual=3.031130e-05
GMRES iteration 400: residual=2.087884e-05
GMRES iteration 450: residual=1.685422e-05
GMRES iteration 500: residual=1.175398e-05
GMRES iteration 550: residual=9.426003e-06
GMRES iteration 600: residual=7.127140e-06
GMRES iteration 650: residual=6.087209e-06
GMRES iteration 700: residual=4.474325e-06
GMRES iteration 750: residual=3.848375e-06
GMRES iteration 800: residual=3.238397e-06
GMRES iteration 850: residual=3.009130e-06
GMRES iteration 900: residual=2.637188e-06
GMRES iteration 950: residual=2.430388e-06
GMRES iteration 1000: residual=2.163861e-06
GMRES iteration 1050: residual=2.039707e-06
GMRES iteration 1100: residual=1.942114e-06
GMRES iteration 1150: residual=1.889820e-06
GMRES iteration 1200: residual=1.651949e-06
GMRES iteration 1250: residual=1.524991e-06
GMRES iteration 1300: residual=1.472561e-06
GMRES iteration 1350: residual=1.448949e-06
GMRES iteration 1400: residual=1.251219e-06
GMRES iteration 1450: residual=1.128680e-06
GMRES iteration 1500: residual=1.065325e-06
GMRES iteration 1550: residual=1.035207e-06
GMRES iteration 1600: residual=8.920859e-07
GMRES iteration 1650: residual=8.021133e-07
GMRES iteration 1700: residual=7.765439e-07
GMRES iteration 1750: residual=7.659091e-07
GMRES iteration 1800: residual=6.583842e-07
GMRES iteration 1850: residual=5.907956e-07
GMRES iteration 1900: residual=5.651771e-07
GMRES iteration 1950: residual=5.552679e-07
GMRES iteration 2000: residual=5.087381e-07
GMRES iteration 2050: residual=4.787374e-07
GMRES iteration 2100: residual=4.639726e-07
GMRES iteration 2150: residual=4.583792e-07
GMRES iteration 2200: residual=4.057690e-07
GMRES iteration 2250: residual=3.718439e-07
GMRES iteration 2300: residual=3.594900e-07
GMRES iteration 2350: residual=3.547857e-07
GMRES iteration 2400: residual=3.068629e-07
GMRES iteration 2450: residual=2.750328e-07
GMRES iteration 2500: residual=2.660718e-07
GMRES iteration 2550: residual=2.630526e-07
GMRES iteration 2600: residual=2.095528e-07
GMRES iteration 2650: residual=1.739017e-07
GMRES iteration 2700: residual=1.686672e-07
GMRES iteration 2750: residual=1.664694e-07
GMRES iteration 2800: residual=1.291897e-07
GMRES iteration 2850: residual=1.038167e-07
GMRES iteration 2900: residual=9.959026e-08
GMRES iteration 2950: residual=9.830498e-08
GMRES iteration 3000: residual=8.171374e-08
GMRES iteration 3050: residual=6.980949e-08
GMRES iteration 3100: residual=6.735800e-08
GMRES iteration 3150: residual=6.650114e-08
GMRES iteration 3200: residual=5.987726e-08
GMRES iteration 3250: residual=5.474843e-08
GMRES iteration 3300: residual=5.344911e-08
GMRES iteration 3350: residual=5.278846e-08
GMRES iteration 3400: residual=4.860910e-08
GMRES iteration 3450: residual=4.555953e-08
GMRES iteration 3500: residual=4.435194e-08
GMRES iteration 3550: residual=4.371088e-08
GMRES iteration 3600: residual=4.136896e-08
GMRES iteration 3650: residual=3.938499e-08
GMRES iteration 3700: residual=3.778878e-08
GMRES iteration 3750: residual=3.658987e-08
GMRES iteration 3800: residual=3.496898e-08
GMRES iteration 3850: residual=3.369184e-08
GMRES iteration 3900: residual=3.241328e-08
GMRES iteration 3950: residual=3.132613e-08
GMRES iteration 4000: residual=3.035441e-08
GMRES iteration 4050: residual=2.972803e-08
GMRES iteration 4100: residual=2.878380e-08
GMRES iteration 4150: residual=2.817724e-08
GMRES iteration 4200: residual=2.743243e-08
GMRES iteration 4250: residual=2.693226e-08
GMRES iteration 4300: residual=2.616454e-08
GMRES iteration 4350: residual=2.560893e-08
GMRES iteration 4400: residual=2.501761e-08
GMRES iteration 4450: residual=2.456921e-08
GMRES iteration 4500: residual=2.263128e-08
GMRES iteration 4550: residual=2.130775e-08
GMRES iteration 4600: residual=2.074613e-08
GMRES iteration 4650: residual=2.043854e-08
GMRES iteration 4700: residual=1.905676e-08
GMRES iteration 4750: residual=1.802961e-08
GMRES iteration 4800: residual=1.765027e-08
GMRES iteration 4850: residual=1.745728e-08
GMRES iteration 4900: residual=1.660728e-08
GMRES iteration 4950: residual=1.598012e-08
GMRES iteration 5000: residual=1.554685e-08
GMRES iteration 5050: residual=1.529392e-08
GMRES iteration 5100: residual=1.465407e-08
GMRES iteration 5150: residual=1.415904e-08
GMRES iteration 5200: residual=1.385491e-08
GMRES iteration 5250: residual=1.368632e-08
GMRES iteration 5300: residual=1.306381e-08
GMRES iteration 5350: residual=1.260358e-08
GMRES iteration 5400: residual=1.236248e-08
GMRES iteration 5450: residual=1.220397e-08
GMRES iteration 5500: residual=1.156584e-08
GMRES iteration 5550: residual=1.105669e-08
GMRES iteration 5600: residual=1.085528e-08
GMRES iteration 5650: residual=1.072415e-08
GMRES iteration 5700: residual=9.670118e-09
GMRES iteration 5750: residual=8.928657e-09
GMRES iteration 5800: residual=8.723937e-09
GMRES iteration 5850: residual=8.635045e-09
GMRES iteration 5900: residual=8.100940e-09
GMRES iteration 5950: residual=7.679062e-09
GMRES iteration 6000: residual=7.520461e-09
GMRES iteration 6050: residual=7.446087e-09
GMRES iteration 6100: residual=6.942722e-09
GMRES iteration 6150: residual=6.552100e-09
GMRES iteration 6200: residual=6.409654e-09
GMRES iteration 6250: residual=6.346514e-09
GMRES iteration 6300: residual=5.935826e-09
GMRES iteration 6350: residual=5.598524e-09
GMRES iteration 6400: residual=5.500037e-09
GMRES iteration 6450: residual=5.438492e-09
GMRES iteration 6500: residual=5.099967e-09
GMRES iteration 6550: residual=4.811682e-09
GMRES iteration 6600: residual=4.723502e-09
GMRES iteration 6650: residual=4.662750e-09
GMRES iteration 6700: residual=4.334309e-09
GMRES iteration 6750: residual=4.068203e-09
GMRES iteration 6800: residual=3.995962e-09
GMRES iteration 6850: residual=3.953982e-09
GMRES iteration 6900: residual=3.668221e-09
GMRES iteration 6950: residual=3.425417e-09
GMRES iteration 7000: residual=3.367762e-09
GMRES iteration 7050: residual=3.332572e-09
GMRES iteration 7100: residual=3.065059e-09
GMRES iteration 7150: residual=2.828162e-09
GMRES iteration 7200: residual=2.779796e-09
GMRES iteration 7250: residual=2.748700e-09
GMRES iteration 7300: residual=2.531309e-09
GMRES iteration 7350: residual=2.342652e-09
GMRES iteration 7400: residual=2.305133e-09
GMRES iteration 7450: residual=2.277843e-09
GMRES iteration 7500: residual=1.997075e-09
GMRES iteration 7550: residual=1.774966e-09
GMRES iteration 7600: residual=1.734846e-09
GMRES iteration 7650: residual=1.715875e-09
GMRES iteration 7700: residual=1.487623e-09
GMRES iteration 7750: residual=1.307091e-09
GMRES iteration 7800: residual=1.276033e-09
GMRES iteration 7850: residual=1.260876e-09
GMRES iteration 7900: residual=1.138772e-09
GMRES iteration 7950: residual=1.037319e-09
GMRES iteration 8000: residual=1.006748e-09
{
  "problem": "p5",
  "method": "oe_si_dsa_krylov",
  "epsilon": 0.001,
  "grid": [
    24,
    24,
    6
  ],
  "tolerance": 1e-09,
  "max_iterations": 500,
  "iterations": 8028,
  "converged": true,
  "relative_l2_f": 0.0007294356803943253,
  "relative_l2_rho": 0.000729433707782682,
  "runtime_seconds": 243.10858827084303,
  "relative_residual": 9.999977435204527e-10
}
