GMRES iteration 1: residual=7.578671e-01
GMRES iteration 50: residual=2.087100e-04
GMRES iteration 100: residual=1.005161e-07
GMRES iteration 150: residual=2.788786e-09
{
  "problem": "p4",
  "method": "oe_si_dsa_krylov",
  "epsilon": 0.001,
  "grid": [
    24,
    24,
    6
  ],
  "tolerance": 1e-09,
  "max_iterations": 500,
  "iterations": 167,
  "converged": true,
  "relative_l2_f": 0.0005883247665933336,
  "relative_l2_rho": 0.0005883229553526865,
  "runtime_seconds": 210.77673095837235,
  "relative_residual": 9.798606274906395e-10
}
