GMRES iteration 1: residual=5.501024e-01
GMRES iteration 50: residual=1.301012e-04
GMRES iteration 100: residual=9.131046e-06
GMRES iteration 150: residual=1.210769e-06
GMRES iteration 200: residual=2.737552e-08
{
  "problem": "p3",
  "method": "oe_si_dsa_krylov",
  "epsilon": 0.001,
  "grid": [
    24,
    24,
    6
  ],
  "tolerance": 1e-09,
  "max_iterations": 500,
  "iterations": 249,
  "converged": true,
  "relative_l2_f": 0.0008054391269038592,
  "relative_l2_rho": 0.0008054389932099651,
  "runtime_seconds": 116.73880640417337,
  "relative_residual": 9.631187150581175e-10
}
