GMRES iteration 1: residual=5.631225e-01
GMRES iteration 50: residual=4.754120e-03
GMRES iteration 100: residual=1.389275e-05
GMRES iteration 150: residual=8.880266e-08
GMRES iteration 200: residual=2.042260e-09
{
  "problem": "p3",
  "method": "oe_si_dsa_krylov",
  "epsilon": 1.0,
  "grid": [
    24,
    24,
    6
  ],
  "tolerance": 1e-09,
  "max_iterations": 500,
  "iterations": 212,
  "converged": true,
  "relative_l2_f": 0.0008551099724252399,
  "relative_l2_rho": 0.0008433196393776696,
  "runtime_seconds": 251.35622073709965,
  "relative_residual": 9.225511109962415e-10
}
