{
  "problem": "p2",
  "method": "oe_aprfm",
  "epsilon": 1.0,
  "seed": 37,
  "relative_l2_f": 0.02534190295372798,
  "relative_l2_rho": 0.0026387407735947305,
  "condition_number": 33411518491.410828,
  "rank": 665,
  "partitions": [
    2,
    4
  ],
  "strides": {
    "v": 0.25,
    "x": 0.5
  },
  "features_per_patch": 64,
  "scale": 1.0,
  "rcond": 1e-06,
  "block_weights": null,
  "feature_seconds": 21.675537534058094,
  "assembly_seconds": 51.78867533430457,
  "solve_seconds": 0.8144265525043011,
  "evaluation_seconds": 26.369555234909058,
  "total_seconds": 100.64819465577602
}
