{
  "problem": "p2",
  "method": "oe_aprfm",
  "epsilon": 0.001,
  "seed": 37,
  "relative_l2_f": 0.013264609371634069,
  "relative_l2_rho": 0.001674346921303828,
  "condition_number": 8279068794780.071,
  "rank": 1020,
  "partitions": [
    2,
    4
  ],
  "strides": {
    "v": 0.25,
    "x": 0.5
  },
  "features_per_patch": 64,
  "scale": 1.0,
  "rcond": 1e-12,
  "block_weights": null,
  "feature_seconds": 26.937257274985313,
  "assembly_seconds": 62.175086196511984,
  "solve_seconds": 0.6865657418966293,
  "evaluation_seconds": 28.49218862876296,
  "total_seconds": 118.29109784215689
}
