{
  "problem": "p2",
  "method": "oe_aprfm",
  "epsilon": 0.001,
  "seed": 71,
  "relative_l2_f": 0.014734773821770127,
  "relative_l2_rho": 0.003688345777599133,
  "condition_number": 22059007796286.824,
  "rank": 1020,
  "partitions": [
    2,
    4
  ],
  "strides": {
    "v": 0.25,
    "x": 0.5
  },
  "features_per_patch": 64,
  "scale": 1.0,
  "rcond": 1e-12,
  "block_weights": null,
  "feature_seconds": 20.299608271569014,
  "assembly_seconds": 48.486856687814,
  "solve_seconds": 0.5756557025015354,
  "evaluation_seconds": 18.11476845294237,
  "total_seconds": 87.47688911482692
}
