{
  "problem": "p2",
  "method": "oe_aprfm",
  "epsilon": 1.0,
  "seed": 53,
  "relative_l2_f": 0.027094887996308912,
  "relative_l2_rho": 0.00310899691380262,
  "condition_number": 51623649732.768776,
  "rank": 659,
  "partitions": [
    2,
    4
  ],
  "strides": {
    "v": 0.25,
    "x": 0.5
  },
  "features_per_patch": 64,
  "scale": 1.0,
  "rcond": 1e-06,
  "block_weights": null,
  "feature_seconds": 21.71267830953002,
  "assembly_seconds": 51.82621793821454,
  "solve_seconds": 0.8006492704153061,
  "evaluation_seconds": 26.351703003048897,
  "total_seconds": 100.69124852120876
}
