{
  "problem": "p2",
  "method": "oe_aprfm",
  "epsilon": 1.0,
  "seed": 23,
  "relative_l2_f": 0.026679385580806955,
  "relative_l2_rho": 0.002873637912159632,
  "condition_number": 13041571350.718306,
  "rank": 654,
  "partitions": [
    2,
    4
  ],
  "strides": {
    "v": 0.25,
    "x": 0.5
  },
  "features_per_patch": 64,
  "scale": 1.0,
  "rcond": 1e-06,
  "block_weights": null,
  "feature_seconds": 21.60652120038867,
  "assembly_seconds": 51.797964595258236,
  "solve_seconds": 0.7844254672527313,
  "evaluation_seconds": 26.351635225117207,
  "total_seconds": 100.54054648801684
}
