{
  "problem": "p2",
  "method": "oe_aprfm",
  "epsilon": 0.001,
  "seed": 11,
  "relative_l2_f": 0.01903609851812885,
  "relative_l2_rho": 0.006847871687991887,
  "condition_number": 3526390317162.8047,
  "rank": 1017,
  "partitions": [
    2,
    4
  ],
  "strides": {
    "v": 0.25,
    "x": 0.5
  },
  "features_per_patch": 64,
  "scale": 1.0,
  "rcond": 1e-12,
  "block_weights": null,
  "feature_seconds": 26.72214674949646,
  "assembly_seconds": 61.640172608196735,
  "solve_seconds": 0.6786685287952423,
  "evaluation_seconds": 27.2188879288733,
  "total_seconds": 116.25987581536174
}
