{
  "problem": "p2",
  "method": "oe_aprfm",
  "epsilon": 1.0,
  "seed": 11,
  "relative_l2_f": 0.025334997020109256,
  "relative_l2_rho": 0.0031299132159984364,
  "condition_number": 12586279108.63208,
  "rank": 647,
  "partitions": [
    2,
    4
  ],
  "strides": {
    "v": 0.25,
    "x": 0.5
  },
  "features_per_patch": 64,
  "scale": 1.0,
  "rcond": 1e-06,
  "block_weights": null,
  "feature_seconds": 21.650258030742407,
  "assembly_seconds": 51.91491000726819,
  "solve_seconds": 0.7593476995825768,
  "evaluation_seconds": 26.256176490336657,
  "total_seconds": 100.58069222792983
}
