{
  "problem": "p4",
  "method": "oe_aprfm",
  "epsilon": 0.001,
  "seed": 23,
  "relative_l2_f": 0.014558571848866723,
  "relative_l2_rho": 0.010625596367170845,
  "condition_number": 305869630.48816234,
  "rank": 512,
  "partitions": [
    1,
    1,
    1
  ],
  "strides": {
    "theta": 1.5707963267948966,
    "x": 2.0,
    "y": 2.0
  },
  "features_per_patch": 256,
  "scale": 1.0,
  "rcond": 1e-12,
  "block_weights": null,
  "collocation": [
    16,
    16,
    16
  ],
  "feature_seconds": 9.251753453165293,
  "assembly_seconds": 113.24523890390992,
  "solve_seconds": 0.15602612122893333,
  "evaluation_seconds": 3.1325720585882664,
  "total_seconds": 125.78559053689241
}
