{
  "problem": "p3",
  "method": "oe_aprfm",
  "epsilon": 0.001,
  "seed": 23,
  "relative_l2_f": 0.00464696325430363,
  "relative_l2_rho": 0.0041739718250077265,
  "condition_number": 10294545.809803357,
  "rank": 256,
  "partitions": [
    1,
    1,
    1
  ],
  "strides": {
    "theta": 1.5707963267948966,
    "x": 2.0,
    "y": 2.0
  },
  "features_per_patch": 128,
  "scale": 1.0,
  "rcond": 1e-12,
  "block_weights": null,
  "collocation": [
    16,
    16,
    16
  ],
  "feature_seconds": 8.953170828521252,
  "assembly_seconds": 77.50146555155516,
  "solve_seconds": 0.12835895270109177,
  "evaluation_seconds": 1.9107922315597534,
  "total_seconds": 88.49378756433725
}
