{
  "problem": "p4",
  "method": "oe_aprfm",
  "epsilon": 1.0,
  "seed": 71,
  "relative_l2_f": 0.03652417212608821,
  "relative_l2_rho": 0.011164927528783269,
  "condition_number": 154044338.28670302,
  "rank": 512,
  "partitions": [
    1,
    1,
    1
  ],
  "strides": {
    "theta": 1.5707963267948966,
    "x": 2.0,
    "y": 2.0
  },
  "features_per_patch": 256,
  "scale": 1.0,
  "rcond": 1e-12,
  "block_weights": null,
  "collocation": [
    16,
    16,
    16
  ],
  "feature_seconds": 8.447781417518854,
  "assembly_seconds": 132.59171345084906,
  "solve_seconds": 0.06952814757823944,
  "evaluation_seconds": 3.8249106593430042,
  "total_seconds": 144.93393367528915
}
