{
  "problem": "p4",
  "method": "oe_aprfm",
  "epsilon": 0.001,
  "seed": 11,
  "relative_l2_f": 0.01336391304663042,
  "relative_l2_rho": 0.009534046071854454,
  "condition_number": 644394982.8500472,
  "rank": 512,
  "partitions": [
    1,
    1,
    1
  ],
  "strides": {
    "theta": 1.5707963267948966,
    "x": 2.0,
    "y": 2.0
  },
  "features_per_patch": 256,
  "scale": 1.0,
  "rcond": 1e-12,
  "block_weights": null,
  "collocation": [
    16,
    16,
    16
  ],
  "feature_seconds": 8.442300159484148,
  "assembly_seconds": 131.89337185025215,
  "solve_seconds": 0.07216145843267441,
  "evaluation_seconds": 3.87115241587162,
  "total_seconds": 144.2789858840406
}
