{
  "problem": "p4",
  "method": "oe_aprfm",
  "epsilon": 0.001,
  "seed": 53,
  "relative_l2_f": 0.013839878645186645,
  "relative_l2_rho": 0.01047701032235006,
  "condition_number": 343993948.8015671,
  "rank": 512,
  "partitions": [
    1,
    1,
    1
  ],
  "strides": {
    "theta": 1.5707963267948966,
    "x": 2.0,
    "y": 2.0
  },
  "features_per_patch": 256,
  "scale": 1.0,
  "rcond": 1e-12,
  "block_weights": null,
  "collocation": [
    16,
    16,
    16
  ],
  "feature_seconds": 13.195835314691067,
  "assembly_seconds": 193.19948123395443,
  "solve_seconds": 0.1719660572707653,
  "evaluation_seconds": 3.2227853052318096,
  "total_seconds": 209.79006791114807
}
