{
  "problem": "p4",
  "method": "oe_aprfm",
  "epsilon": 1.0,
  "seed": 53,
  "relative_l2_f": 0.03863495598079271,
  "relative_l2_rho": 0.014100636794687605,
  "condition_number": 89279902.72850464,
  "rank": 512,
  "partitions": [
    1,
    1,
    1
  ],
  "strides": {
    "theta": 1.5707963267948966,
    "x": 2.0,
    "y": 2.0
  },
  "features_per_patch": 256,
  "scale": 1.0,
  "rcond": 1e-12,
  "block_weights": null,
  "collocation": [
    16,
    16,
    16
  ],
  "feature_seconds": 8.581928703933954,
  "assembly_seconds": 132.31598953157663,
  "solve_seconds": 0.15425849333405495,
  "evaluation_seconds": 3.863800026476383,
  "total_seconds": 144.91597675532103
}
