{
  "problem": "p3",
  "method": "oe_aprfm",
  "epsilon": 0.001,
  "seed": 37,
  "relative_l2_f": 0.014961222812087886,
  "relative_l2_rho": 0.014223937378380656,
  "condition_number": 3470353.992771394,
  "rank": 256,
  "partitions": [
    1,
    1,
    1
  ],
  "strides": {
    "theta": 1.5707963267948966,
    "x": 2.0,
    "y": 2.0
  },
  "features_per_patch": 128,
  "scale": 1.0,
  "rcond": 1e-12,
  "block_weights": null,
  "collocation": [
    16,
    16,
    16
  ],
  "feature_seconds": 8.941990610212088,
  "assembly_seconds": 78.64991311728954,
  "solve_seconds": 0.010920282453298569,
  "evaluation_seconds": 1.9367578886449337,
  "total_seconds": 89.53958189859986
}
