{
  "problem": "p4",
  "method": "oe_aprfm",
  "epsilon": 1.0,
  "seed": 11,
  "relative_l2_f": 0.10022482960045087,
  "relative_l2_rho": 0.03650633994018559,
  "condition_number": 636607.720487372,
  "rank": 384,
  "partitions": [
    2,
    1,
    1
  ],
  "strides": {
    "theta": 1.5707963267948966,
    "x": 1.0,
    "y": 2.0
  },
  "features_per_patch": 96,
  "scale": 1.0,
  "rcond": 1e-12,
  "block_weights": null,
  "collocation": [
    16,
    16,
    16
  ],
  "feature_seconds": 18.002251662313938,
  "assembly_seconds": 104.85086350515485,
  "solve_seconds": 0.14004673808813095,
  "evaluation_seconds": 4.549640864133835,
  "total_seconds": 127.54280276969075
}
