{
  "problem": "p3",
  "method": "oe_aprfm",
  "epsilon": 0.001,
  "seed": 11,
  "relative_l2_f": 0.024496642602632967,
  "relative_l2_rho": 0.022675260594765746,
  "condition_number": 6019365.454109369,
  "rank": 256,
  "partitions": [
    1,
    1,
    1
  ],
  "strides": {
    "theta": 1.5707963267948966,
    "x": 2.0,
    "y": 2.0
  },
  "features_per_patch": 128,
  "scale": 1.0,
  "rcond": 1e-12,
  "block_weights": [
    4.0,
    1.0,
    1.0,
    1.0
  ],
  "collocation": [
    16,
    16,
    16
  ],
  "feature_seconds": 10.474844366312027,
  "assembly_seconds": 77.74945377930999,
  "solve_seconds": 0.13079888373613358,
  "evaluation_seconds": 2.318107757717371,
  "total_seconds": 90.67320478707552
}
