{
  "problem": "p4",
  "method": "oe_aprfm",
  "epsilon": 1.0,
  "seed": 11,
  "relative_l2_f": 0.08201831418018153,
  "relative_l2_rho": 0.03843251444817982,
  "condition_number": 4311645.663562461,
  "rank": 256,
  "partitions": [
    1,
    1,
    1
  ],
  "strides": {
    "theta": 1.5707963267948966,
    "x": 2.0,
    "y": 2.0
  },
  "features_per_patch": 128,
  "scale": 1.0,
  "rcond": 1e-12,
  "block_weights": null,
  "collocation": [
    16,
    16,
    16
  ],
  "feature_seconds": 8.409224431961775,
  "assembly_seconds": 52.8300426825881,
  "solve_seconds": 0.12858474254608154,
  "evaluation_seconds": 1.7783999554812908,
  "total_seconds": 63.14625181257725
}
