{
  "problem": "p4",
  "method": "oe_aprfm",
  "epsilon": 1.0,
  "seed": 11,
  "relative_l2_f": 0.03086843669736737,
  "relative_l2_rho": 0.008383666783984592,
  "condition_number": 170208461.85120592,
  "rank": 512,
  "partitions": [
    1,
    1,
    1
  ],
  "strides": {
    "theta": 1.5707963267948966,
    "x": 2.0,
    "y": 2.0
  },
  "features_per_patch": 256,
  "scale": 1.0,
  "rcond": 1e-12,
  "block_weights": null,
  "collocation": [
    16,
    16,
    16
  ],
  "feature_seconds": 11.478574775159359,
  "assembly_seconds": 185.99842335656285,
  "solve_seconds": 0.15685182809829712,
  "evaluation_seconds": 5.191074717789888,
  "total_seconds": 202.8249246776104
}
