{
  "problem": "p4",
  "method": "oe_aprfm",
  "epsilon": 0.001,
  "seed": 11,
  "relative_l2_f": 0.03042118947389142,
  "relative_l2_rho": 0.02661395327907568,
  "condition_number": 1508709.398333991,
  "rank": 384,
  "partitions": [
    2,
    1,
    1
  ],
  "strides": {
    "theta": 1.5707963267948966,
    "x": 1.0,
    "y": 2.0
  },
  "features_per_patch": 96,
  "scale": 1.0,
  "rcond": 1e-12,
  "block_weights": null,
  "collocation": [
    16,
    16,
    16
  ],
  "feature_seconds": 17.662209630012512,
  "assembly_seconds": 93.74742757156491,
  "solve_seconds": 0.14071791991591454,
  "evaluation_seconds": 4.405004780739546,
  "total_seconds": 115.95535990223289
}
