{
  "problem": "p3",
  "method": "oe_aprfm",
  "epsilon": 1.0,
  "seed": 11,
  "relative_l2_f": 0.057403553746068044,
  "relative_l2_rho": 0.04398465232186807,
  "condition_number": 82691.35626221246,
  "rank": 256,
  "partitions": [
    1,
    1,
    1
  ],
  "strides": {
    "theta": 1.5707963267948966,
    "x": 2.0,
    "y": 2.0
  },
  "features_per_patch": 128,
  "scale": 2.0,
  "rcond": 1e-12,
  "block_weights": null,
  "collocation": [
    16,
    16,
    16
  ],
  "feature_seconds": 8.548436637967825,
  "assembly_seconds": 75.32691282778978,
  "solve_seconds": 0.12934569641947746,
  "evaluation_seconds": 1.8509188666939735,
  "total_seconds": 85.85561402887106
}
