{
  "problem": "p3",
  "method": "oe_aprfm",
  "epsilon": 0.001,
  "seed": 11,
  "relative_l2_f": 0.02363184083999329,
  "relative_l2_rho": 0.022336003808449453,
  "condition_number": 6332256.296122074,
  "rank": 256,
  "partitions": [
    1,
    1,
    1
  ],
  "strides": {
    "theta": 1.5707963267948966,
    "x": 2.0,
    "y": 2.0
  },
  "features_per_patch": 128,
  "scale": 1.0,
  "rcond": 1e-12,
  "block_weights": null,
  "collocation": [
    16,
    16,
    16
  ],
  "feature_seconds": 9.03596231713891,
  "assembly_seconds": 76.44780533388257,
  "solve_seconds": 0.12856080383062363,
  "evaluation_seconds": 1.8306266143918037,
  "total_seconds": 87.44295506924391
}
