{
  "problem": "p3",
  "method": "oe_aprfm",
  "epsilon": 1.0,
  "seed": 11,
  "relative_l2_f": 0.023391204284598597,
  "relative_l2_rho": 0.0036053401242235493,
  "condition_number": 89254862.95588969,
  "rank": 256,
  "partitions": [
    1,
    1,
    1
  ],
  "strides": {
    "theta": 1.5707963267948966,
    "x": 2.0,
    "y": 2.0
  },
  "features_per_patch": 128,
  "scale": 0.5,
  "rcond": 1e-12,
  "block_weights": null,
  "collocation": [
    16,
    16,
    16
  ],
  "feature_seconds": 10.640715070068836,
  "assembly_seconds": 56.3054972179234,
  "solve_seconds": 0.12913328409194946,
  "evaluation_seconds": 1.9168235622346401,
  "total_seconds": 68.99216913431883
}
