{
  "problem": "p3",
  "method": "oe_aprfm",
  "epsilon": 1.0,
  "seed": 11,
  "relative_l2_f": 0.009932828099815744,
  "relative_l2_rho": 0.001425348128816296,
  "condition_number": 80665764.61014614,
  "rank": 512,
  "partitions": [
    1,
    1,
    1
  ],
  "strides": {
    "theta": 1.5707963267948966,
    "x": 2.0,
    "y": 2.0
  },
  "features_per_patch": 256,
  "scale": 1.0,
  "rcond": 1e-12,
  "block_weights": null,
  "collocation": [
    16,
    16,
    16
  ],
  "feature_seconds": 9.05073294043541,
  "assembly_seconds": 171.57387126237154,
  "solve_seconds": 0.1570044420659542,
  "evaluation_seconds": 2.7996859923005104,
  "total_seconds": 183.58129463717341
}
