{
  "problem": "p3",
  "method": "oe_aprfm",
  "epsilon": 0.001,
  "seed": 11,
  "relative_l2_f": 0.002582748120652383,
  "relative_l2_rho": 0.00243726969801642,
  "condition_number": 297597832.02303773,
  "rank": 256,
  "partitions": [
    1,
    1,
    1
  ],
  "strides": {
    "theta": 1.5707963267948966,
    "x": 2.0,
    "y": 2.0
  },
  "features_per_patch": 128,
  "scale": 0.5,
  "rcond": 1e-12,
  "block_weights": null,
  "collocation": [
    16,
    16,
    16
  ],
  "feature_seconds": 8.49623291194439,
  "assembly_seconds": 75.36439515650272,
  "solve_seconds": 0.12832020968198776,
  "evaluation_seconds": 1.8030888065695763,
  "total_seconds": 85.79203708469868
}
