{
  "problem": "p4",
  "method": "oe_aprfm",
  "epsilon": 1.0,
  "seed": 11,
  "relative_l2_f": 0.1128808956915577,
  "relative_l2_rho": 0.05415432592933891,
  "condition_number": 135272.82188685832,
  "rank": 256,
  "partitions": [
    1,
    1,
    1
  ],
  "strides": {
    "theta": 1.5707963267948966,
    "x": 2.0,
    "y": 2.0
  },
  "features_per_patch": 128,
  "scale": 2.0,
  "rcond": 1e-12,
  "block_weights": null,
  "collocation": [
    16,
    16,
    16
  ],
  "feature_seconds": 10.169522672891617,
  "assembly_seconds": 46.65006774291396,
  "solve_seconds": 0.011897575110197067,
  "evaluation_seconds": 1.8371732495725155,
  "total_seconds": 58.66866124048829
}
